// Vitest Snapshot v1, https://vitest.dev/guide/snapshot.html

exports[`AppComponent > should match snapshot 1`] = `"<app-navbar><nav><a href="test-link" class="test-class">Test link</a></nav></app-navbar><div class="max-w-3xl m-auto mt-16 px-2"><router-outlet></router-outlet><!--container--></div>"`;
